@scandihaven/email:lint: cache hit, replaying logs 818187e4ce09d510
@scandihaven/email:lint: 
@scandihaven/email:lint: > @scandihaven/email@0.1.0 lint /Home1/project/scandihaven/packages/email
@scandihaven/email:lint: > eslint .
@scandihaven/email:lint: 
@scandihaven/config:lint: cache hit, replaying logs 283e0d2b950bfab7
@scandihaven/config:lint: 
@scandihaven/config:lint: > @scandihaven/config@0.1.0 lint /Home1/project/scandihaven/packages/config
@scandihaven/config:lint: > eslint .
@scandihaven/config:lint: 
@scandihaven/web:lint: cache hit, replaying logs 2a5bddaa40926903
@scandihaven/web:lint: 
@scandihaven/web:lint: > @scandihaven/web@0.1.0 lint /Home1/project/scandihaven/apps/web
@scandihaven/web:lint: > eslint .
@scandihaven/web:lint: 
@scandihaven/auth:lint: cache hit, replaying logs 4db7c583fad78244
@scandihaven/auth:lint: 
@scandihaven/auth:lint: > @scandihaven/auth@0.1.0 lint /Home1/project/scandihaven/packages/auth
@scandihaven/auth:lint: > eslint .
@scandihaven/auth:lint: 
@scandihaven/db:lint: cache hit, replaying logs 878598a275dbf40d
@scandihaven/db:lint: 
@scandihaven/db:lint: > @scandihaven/db@0.1.0 lint /Home1/project/scandihaven/packages/db
@scandihaven/db:lint: > eslint .
@scandihaven/db:lint: 
@scandihaven/admin:lint: cache hit, replaying logs ca9317aa783eb0ea
@scandihaven/admin:lint: 
@scandihaven/admin:lint: > @scandihaven/admin@0.1.0 lint /Home1/project/scandihaven/apps/admin
@scandihaven/admin:lint: > eslint .
@scandihaven/admin:lint: 
@scandihaven/commerce:lint: cache hit, replaying logs 5417cc93a1f3b931
@scandihaven/commerce:lint: 
@scandihaven/commerce:lint: > @scandihaven/commerce@0.1.0 lint /Home1/project/scandihaven/packages/commerce
@scandihaven/commerce:lint: > eslint .
@scandihaven/commerce:lint: 

 Tasks:    8 successful, 8 total
Cached:    8 cached, 8 total
  Time:    46ms >>> FULL TURBO

