@scandihaven/ui:typecheck: cache hit, replaying logs b718b3b16a82152b
@scandihaven/ui:typecheck: 
@scandihaven/ui:typecheck: > @scandihaven/ui@0.1.0 typecheck /Home1/project/scandihaven/packages/ui
@scandihaven/ui:typecheck: > tsc --noEmit
@scandihaven/ui:typecheck: 
@scandihaven/config:typecheck: cache hit, replaying logs d23a6670ef36c2a5
@scandihaven/config:typecheck: 
@scandihaven/config:typecheck: > @scandihaven/config@0.1.0 typecheck /Home1/project/scandihaven/packages/config
@scandihaven/config:typecheck: > tsc --noEmit
@scandihaven/config:typecheck: 
@scandihaven/email:typecheck: cache hit, replaying logs 38d0e598ff0d6c94
@scandihaven/email:typecheck: 
@scandihaven/email:typecheck: > @scandihaven/email@0.1.0 typecheck /Home1/project/scandihaven/packages/email
@scandihaven/email:typecheck: > tsc --noEmit
@scandihaven/email:typecheck: 
@scandihaven/web:typecheck: cache hit, replaying logs d373b70f0a4b5838
@scandihaven/web:typecheck: 
@scandihaven/web:typecheck: > @scandihaven/web@0.1.0 typecheck /Home1/project/scandihaven/apps/web
@scandihaven/web:typecheck: > tsc --noEmit
@scandihaven/web:typecheck: 
@scandihaven/admin:typecheck: cache hit, replaying logs 557c8dbcc61fb9dc
@scandihaven/admin:typecheck: 
@scandihaven/admin:typecheck: > @scandihaven/admin@0.1.0 typecheck /Home1/project/scandihaven/apps/admin
@scandihaven/admin:typecheck: > tsc --noEmit
@scandihaven/admin:typecheck: 
@scandihaven/auth:typecheck: cache hit, replaying logs b4599e565b8bd66a
@scandihaven/auth:typecheck: 
@scandihaven/auth:typecheck: > @scandihaven/auth@0.1.0 typecheck /Home1/project/scandihaven/packages/auth
@scandihaven/auth:typecheck: > tsc --noEmit
@scandihaven/auth:typecheck: 
@scandihaven/commerce:typecheck: cache hit, replaying logs b79fd48820a04cc5
@scandihaven/commerce:typecheck: 
@scandihaven/commerce:typecheck: > @scandihaven/commerce@0.1.0 typecheck /Home1/project/scandihaven/packages/commerce
@scandihaven/commerce:typecheck: > tsc --noEmit
@scandihaven/commerce:typecheck: 

 Tasks:    8 successful, 8 total
Cached:    8 cached, 8 total
  Time:    52ms >>> FULL TURBO

